[ubg365.github.io/index.html]
[backblue.gif]
[fade.gif]
[index.html]
[ubg365.github.io/images/favicon.png]
[ubg365.github.io/themes/css/reboot.css]
[ubg365.github.io/themes/css/grid.css]
[ubg365.github.io/themes/css/card/card_24.css]
[ubg365.github.io/themes/css/panel/panel_17.css]
[ubg365.github.io/themes/css/menu/menu_4.css]
[ubg365.github.io/themes/css/tags/tag_5.css]
[ubg365.github.io/themes/css/ads.css]
[ubg365.github.io/themes/css/back_to_top.css]
[ubg365.github.io/themes/css/color.css]
[ubg365.github.io/themes/css/contact.css]
[ubg365.github.io/themes/css/body-style.css]
[ubg365.github.io/themes/css/responsive.css]
[pagead2.googlesyndication.com/pagead/js/f5334.txt]
[ubg365.github.io/images/ubg365-games-logo.png]
[ubg365.github.io/category/shooting/index.html]
[ubg365.github.io/hot-games/index.html]
[ubg365.github.io/g-switch-3/index.html]
[ubg365.github.io/gun-mayhem-2/index.html]
[ubg365.github.io/new-games/index.html]
[ubg365.github.io/about-us.html]
[ubg365.github.io/rooftop-snipers/index.html]
[ubg365.github.io/getaway-shootout/index.html]
[ubg365.github.io/contact-us.html]
[ubg365.github.io/fireboy-and-watergirl-elements/index.html]
[ubg365.github.io/copyright.html]
[ubg365.github.io/term-of-use.html]
[ubg365.github.io/privacy-policy.html]
[ubg365.github.io/themes/js/jquery-3.4.1.min.js]
[ubg365.github.io/themes/js/popper.min.js]
[ubg365.github.io/themes/js/menu/menu_4.js]
[ubg365.github.io/themes/js/back_to_top.js]
[ubg365.github.io/themes/js/games.js]
[ubg365.github.io/js/all.js]
[ubg365.github.io/js/search.js]
[ubg365.github.io/new-games/new-games-home.js]
[ubg365.github.io/hot-games/hot-games-home.js]
[ubg365.github.io/index.html]
[ubg365.github.io/category/shooting/shooting.js]
[ubg365.github.io/category/shooting/index.html]
[ubg365.github.io/shooting/index.html]
[ubg365.github.io/hot-games/hot-games.js]
[ubg365.github.io/hot-games/index.html]
[ubg365.github.io/new-games/new-games.js]
[ubg365.github.io/new-games/index.html]
[ajax.googleapis.com/ajax/libs/jquery/3.5.1/jquery.min.js]
[ubg365.github.io/g-switch-3/lib/howler.min.js]
[ubg365.github.io/g-switch-3/lib/pako.min.js]
[ubg365.github.io/g-switch-3/lib/FileSaver.min.js]
[ubg365.github.io/g-switch-3/assets/data/MeiryoUId41d.eot]
[ubg365.github.io/g-switch-3/G-Switch3.js]
[ubg365.github.io/g-switch-3/assets/data/MeiryoUI.woff]
[ubg365.github.io/g-switch-3/assets/data/MeiryoUI.ttf]
[ubg365.github.io/g-switch-3/assets/data/MeiryoUI.svg]
[ubg365.github.io/g-switch-3/assets/data/MeiryoUIBoldd41d.eot]
[ubg365.github.io/g-switch-3/assets/data/MeiryoUIBold.woff]
[ubg365.github.io/g-switch-3/assets/data/MeiryoUIBold.ttf]
[ubg365.github.io/g-switch-3/assets/data/MeiryoUIBold.svg]
[ubg365.github.io/g-switch-3/assets/data/UnDotumd41d.eot]
[ubg365.github.io/g-switch-3/assets/data/UnDotum.woff]
[ubg365.github.io/g-switch-3/assets/data/UnDotum.ttf]
[ubg365.github.io/g-switch-3/assets/data/UnDotum.svg]
[ubg365.github.io/g-switch-3/assets/data/UnDotumBoldd41d.eot]
[ubg365.github.io/g-switch-3/assets/data/UnDotumBold.woff]
[ubg365.github.io/g-switch-3/assets/data/UnDotumBold.ttf]
[ubg365.github.io/g-switch-3/assets/data/UnDotumBold.svg]
[ubg365.github.io/g-switch-3/assets/data/verdanad41d.eot]
[ubg365.github.io/g-switch-3/assets/data/verdana.woff]
[ubg365.github.io/g-switch-3/assets/data/verdana.ttf]
[ubg365.github.io/g-switch-3/assets/data/verdana.svg]
[ubg365.github.io/g-switch-3/assets/data/verdanabd41d.eot]
[ubg365.github.io/g-switch-3/assets/data/verdanab.woff]
[ubg365.github.io/g-switch-3/assets/data/verdanab.ttf]
[ubg365.github.io/g-switch-3/assets/data/verdanab.svg]
[ubg365.github.io/g-switch-3/assets/data/verdanaid41d.eot]
[ubg365.github.io/g-switch-3/assets/data/verdanai.woff]
[ubg365.github.io/g-switch-3/assets/data/verdanai.ttf]
[ubg365.github.io/g-switch-3/assets/data/verdanai.svg]
[ubg365.github.io/g-switch-3/assets/data/verdanazd41d.eot]
[ubg365.github.io/g-switch-3/assets/data/verdanaz.woff]
[ubg365.github.io/g-switch-3/assets/data/verdanaz.ttf]
[ubg365.github.io/g-switch-3/assets/data/verdanaz.svg]
[ubg365.github.io/g-switch-3/assets/data/YaHei Boldd41d.eot]
[ubg365.github.io/g-switch-3/assets/data/YaHei Bold.woff]
[ubg365.github.io/g-switch-3/assets/data/YaHei Bold.ttf]
[ubg365.github.io/g-switch-3/assets/data/YaHei Bold.svg]
[ubg365.github.io/g-switch-3/assets/data/YaHeid41d.eot]
[ubg365.github.io/g-switch-3/assets/data/YaHei.woff]
[ubg365.github.io/g-switch-3/assets/data/YaHei.ttf]
[ubg365.github.io/g-switch-3/assets/data/YaHei.svg]
[ubg365.github.io/g-switch-3/assets/data/MeiryoUI.eot]
[ubg365.github.io/g-switch-3/assets/data/MeiryoUIBold.eot]
[ubg365.github.io/g-switch-3/assets/data/UnDotum.eot]
[ubg365.github.io/g-switch-3/assets/data/UnDotumBold.eot]
[ubg365.github.io/g-switch-3/assets/data/verdana.eot]
[ubg365.github.io/g-switch-3/assets/data/verdanab.eot]
[ubg365.github.io/g-switch-3/assets/data/verdanai.eot]
[ubg365.github.io/g-switch-3/assets/data/verdanaz.eot]
[ubg365.github.io/g-switch-3/assets/data/YaHei Bold.eot]
[ubg365.github.io/g-switch-3/assets/data/YaHei.eot]
[ubg365.github.io/g-switch-3/flixel/fonts/nokiafc22d41d.eot]
[ubg365.github.io/g-switch-3/flixel/fonts/nokiafc22.woff]
[ubg365.github.io/g-switch-3/flixel/fonts/nokiafc22.svg]
[ubg365.github.io/g-switch-3/flixel/fonts/monsterratd41d.eot]
[ubg365.github.io/g-switch-3/flixel/fonts/monsterrat.woff]
[ubg365.github.io/g-switch-3/flixel/fonts/monsterrat.svg]
[ubg365.github.io/g-switch-3/index.html]
[ubg365.github.io/js/main.js]
[ubg365.github.io/gun-mayhem-2/gun-mayhem-2.png]
[ubg365.github.io/gun-mayhem-2/ruffle.js]
[ubg365.github.io/gun-mayhem-2/gun-mayhem-2.swf]
[ubg365.github.io/gun-mayhem-2/index.html]
[ubg365.github.io/rooftop-snipers/img/thumb.png]
[ubg365.github.io/rooftop-snipers/TemplateData/style.css]
[ubg365.github.io/rooftop-snipers/TemplateData/UnityProgress.js]
[ubg365.github.io/rooftop-snipers/index.html]
[ubg365.github.io/rooftop-snipers/TemplateData/UnityLoader.js]
[ubg365.github.io/getaway-shootout/img/images.jpg]
[ubg365.github.io/getaway-shootout/index.html]
[ubg365.github.io/getaway-shootout/Build/UnityLoader.js]
[ubg365.github.io/fireboy-and-watergirl-elements/manifest.json]
[ubg365.github.io/fireboy-and-watergirl-elements/icon-60x60.png]
[ubg365.github.io/fireboy-and-watergirl-elements/icon-256x256.png]
[ubg365.github.io/fireboy-and-watergirl-elements/icon-512x512.png]
[ubg365.github.io/fireboy-and-watergirl-elements/bower_components/requirejs/require.js]
[ubg365.github.io/fireboy-and-watergirl-elements/version.js]
[ubg365.github.io/fireboy-and-watergirl-elements/index.html]
[ubg365.github.io/fireboy-and-watergirl-elements/fireboy-and-watergirl-elements.min.js]
[ubg365.github.io/themes/plugins/raty/jquery.raty.min.js]
[ubg365.github.io/about-us.html]
[ubg365.github.io/contact-us.html]
[ubg365.github.io/copyright.html]
[ubg365.github.io/term-of-use.html]
[ubg365.github.io/privacy-policy.html]
[ubg365.github.io/shooting/index.html]
[ubg365.github.io/g-switch-3/assets/data/MeiryoUId41d.html]
[ubg365.github.io/g-switch-3/assets/data/MeiryoUI.html]
[ubg365.github.io/g-switch-3/assets/data/MeiryoUIBoldd41d.html]
[ubg365.github.io/g-switch-3/assets/data/MeiryoUIBold.html]
[ubg365.github.io/g-switch-3/assets/data/UnDotumd41d.html]
[ubg365.github.io/g-switch-3/assets/data/UnDotum.html]
[ubg365.github.io/g-switch-3/assets/data/UnDotumBoldd41d.html]
[ubg365.github.io/g-switch-3/assets/data/UnDotumBold.html]
[ubg365.github.io/g-switch-3/assets/data/verdanad41d.html]
[ubg365.github.io/g-switch-3/assets/data/verdana.html]
[ubg365.github.io/g-switch-3/assets/data/verdanabd41d.html]
[ubg365.github.io/g-switch-3/assets/data/verdanab.html]
[ubg365.github.io/g-switch-3/assets/data/verdanaid41d.html]
[ubg365.github.io/g-switch-3/assets/data/verdanai.html]
[ubg365.github.io/g-switch-3/assets/data/verdanazd41d.html]
[ubg365.github.io/g-switch-3/assets/data/verdanaz.html]
[ubg365.github.io/g-switch-3/assets/data/YaHei Boldd41d.html]
[ubg365.github.io/g-switch-3/assets/data/YaHeid41d.html]
[ubg365.github.io/g-switch-3/assets/data/YaHei.html]
[ubg365.github.io/g-switch-3/assets/data/MeiryoUI-3.html]
[ubg365.github.io/g-switch-3/assets/data/MeiryoUIBold-3.html]
[ubg365.github.io/g-switch-3/assets/data/UnDotum-3.html]
[ubg365.github.io/g-switch-3/assets/data/UnDotumBold-3.html]
[ubg365.github.io/g-switch-3/assets/data/verdana-3.html]
[ubg365.github.io/g-switch-3/assets/data/verdanab-3.html]
[ubg365.github.io/g-switch-3/assets/data/verdanai-3.html]
[ubg365.github.io/g-switch-3/assets/data/verdanaz-3.html]
[ubg365.github.io/g-switch-3/assets/data/YaHei Bold-2.html]
[ubg365.github.io/g-switch-3/assets/data/YaHei-3.html]
[ubg365.github.io/g-switch-3/flixel/fonts/nokiafc22d41d.html]
[ubg365.github.io/g-switch-3/flixel/fonts/nokiafc22.ttf]
[ubg365.github.io/g-switch-3/flixel/fonts/monsterratd41d.html]
[ubg365.github.io/g-switch-3/flixel/fonts/monsterrat.ttf]
[ubg365.github.io/themes/css/reboot.css]
[pagead2.googlesyndication.com/pagead/js/f5334.txt]
[ubg365.github.io/themes/css/grid.css]
[ubg365.github.io/images/ubg365-games-logo.png]
[ubg365.github.io/themes/css/card/card_24.css]
[ubg365.github.io/themes/css/panel/panel_17.css]
[ubg365.github.io/themes/js/back_to_top.js]
[ubg365.github.io/themes/css/menu/menu_4.css]
[ubg365.github.io/themes/css/tags/tag_5.css]
[ubg365.github.io/themes/css/ads.css]
[ubg365.github.io/themes/css/back_to_top.css]
[ajax.googleapis.com/ajax/libs/jquery/3.5.1/jquery.min.js]
[ubg365.github.io/themes/css/color.css]
[ubg365.github.io/g-switch-3/assets/data/MeiryoUI.woff]
[ubg365.github.io/themes/css/contact.css]
[ubg365.github.io/g-switch-3/assets/data/MeiryoUIBold.woff]
[ubg365.github.io/themes/css/body-style.css]
[ubg365.github.io/g-switch-3/assets/data/UnDotum.woff]
[ubg365.github.io/g-switch-3/assets/data/UnDotumBold.woff]
[ubg365.github.io/themes/css/responsive.css]
[ubg365.github.io/g-switch-3/assets/data/verdana.woff]
[ubg365.github.io/category/shooting/index.html]
[ubg365.github.io/g-switch-3/assets/data/verdanab.woff]
[ubg365.github.io/shooting/index.html]
[ubg365.github.io/g-switch-3/assets/data/MeiryoUId41d.html]
[ubg365.github.io/g-switch-3/assets/data/MeiryoUI.html]
[ubg365.github.io/g-switch-3/assets/data/verdanai.woff]
[ubg365.github.io/g-switch-3/assets/data/MeiryoUI-2.html]
[ubg365.github.io/g-switch-3/assets/data/MeiryoUIBold.html]
[ubg365.github.io/g-switch-3/assets/data/verdanaz.woff]
[ubg365.github.io/g-switch-3/assets/data/MeiryoUIBold-2.html]
[ubg365.github.io/g-switch-3/assets/data/UnDotum.html]
[ubg365.github.io/g-switch-3/assets/data/YaHei Bold.woff]
[ubg365.github.io/g-switch-3/assets/data/UnDotum-2.html]
[ubg365.github.io/g-switch-3/assets/data/UnDotumBold.html]
[ubg365.github.io/g-switch-3/assets/data/UnDotumBold-2.html]
[ubg365.github.io/g-switch-3/assets/data/verdana.html]
[ubg365.github.io/g-switch-3/assets/data/YaHei.woff]
[ubg365.github.io/g-switch-3/assets/data/verdana-2.html]
[ubg365.github.io/g-switch-3/assets/data/verdanab.html]
[ubg365.github.io/g-switch-3/flixel/fonts/nokiafc22.woff]
[ubg365.github.io/g-switch-3/assets/data/verdanab-2.html]
[ubg365.github.io/g-switch-3/assets/data/verdanai.html]
[ubg365.github.io/g-switch-3/flixel/fonts/monsterrat.woff]
[ubg365.github.io/g-switch-3/assets/data/verdanai-2.html]
[ubg365.github.io/g-switch-3/assets/data/verdanaz.html]
[ubg365.github.io/g-switch-3/assets/data/verdanaz-2.html]
[ubg365.github.io/gun-mayhem-2/gun-mayhem-2.png]
[ubg365.github.io/g-switch-3/assets/data/YaHei Bold.html]
[ubg365.github.io/g-switch-3/assets/data/YaHei.html]
[ubg365.github.io/g-switch-3/assets/data/YaHei-2.html]
[ubg365.github.io/gun-mayhem-2/gun-mayhem-2.swf]
[ubg365.github.io/rooftop-snipers/img/thumb.png]
[ubg365.github.io/g-switch-3/flixel/fonts/nokiafc22.ttf]
[ubg365.github.io/g-switch-3/flixel/fonts/nokiafc22.ttf]
[ubg365.github.io/g-switch-3/flixel/fonts/nokiafc22.html]
[ubg365.github.io/getaway-shootout/img/images.jpg]
[ubg365.github.io/g-switch-3/flixel/fonts/monsterrat.ttf]
[ubg365.github.io/g-switch-3/flixel/fonts/monsterrat.ttf]
[ubg365.github.io/g-switch-3/flixel/fonts/monsterrat.html]
[ubg365.github.io/fireboy-and-watergirl-elements/icon-60x60.png]
[ubg365.github.io/fireboy-and-watergirl-elements/icon-256x256.png]
[ubg365.github.io/fireboy-and-watergirl-elements/icon-512x512.png]
[ubg365.github.io/rooftop-snipers/TemplateData/progressLogo.Light.71.delayed]
[ubg365.github.io/rooftop-snipers/TemplateData/progressEmpty.Light.png]
[ubg365.github.io/rooftop-snipers/TemplateData/progressFull.Light.png]
[ubg365.github.io/rooftop-snipers/TemplateData/progressLogo.Dark.png]
[ubg365.github.io/fireboy-and-watergirl-elements/version.js]
[ubg365.github.io/rooftop-snipers/TemplateData/progressEmpty.Dark.png]
[ubg365.github.io/rooftop-snipers/TemplateData/progressFull.Dark.png]
[ubg365.github.io/rooftop-snipers/TemplateData/webgl-logo.png]
[ubg365.github.io/rooftop-snipers/TemplateData/fullscreen.png]
[ubg365.github.io/rooftop-snipers/TemplateData/style.css]
[ubg365.github.io/rooftop-snipers/TemplateData/progressLogo.Light.html]
[ubg365.github.io/rooftop-snipers/TemplateData/progressEmpty.Light.html]
[ubg365.github.io/rooftop-snipers/TemplateData/progressFull.Light.html]
[ubg365.github.io/rooftop-snipers/TemplateData/webgl-logo.html]
[ubg365.github.io/rooftop-snipers/TemplateData/fullscreen.html]
